Archive member included to satisfy reference by file (symbol)

D:/msys64/arm-gnu-toolchain-14.2.rel1-mingw-w64-i686-arm-none-eabi/bin/../lib/gcc/arm-none-eabi/14.2.1/thumb/v7-m/nofp\libg.a(libc_a-exit.o)
                              D:/msys64/arm-gnu-toolchain-14.2.rel1-mingw-w64-i686-arm-none-eabi/bin/../lib/gcc/arm-none-eabi/14.2.1/thumb/v7-m/nofp/crt0.o (exit)
D:/msys64/arm-gnu-toolchain-14.2.rel1-mingw-w64-i686-arm-none-eabi/bin/../lib/gcc/arm-none-eabi/14.2.1/thumb/v7-m/nofp\libg.a(libc_a-findfp.o)
                              D:/msys64/arm-gnu-toolchain-14.2.rel1-mingw-w64-i686-arm-none-eabi/bin/../lib/gcc/arm-none-eabi/14.2.1/thumb/v7-m/nofp\libg.a(libc_a-exit.o) (__stdio_exit_handler)
D:/msys64/arm-gnu-toolchain-14.2.rel1-mingw-w64-i686-arm-none-eabi/bin/../lib/gcc/arm-none-eabi/14.2.1/thumb/v7-m/nofp\libg.a(libc_a-fwalk.o)
                              D:/msys64/arm-gnu-toolchain-14.2.rel1-mingw-w64-i686-arm-none-eabi/bin/../lib/gcc/arm-none-eabi/14.2.1/thumb/v7-m/nofp\libg.a(libc_a-findfp.o) (_fwalk_sglue)
D:/msys64/arm-gnu-toolchain-14.2.rel1-mingw-w64-i686-arm-none-eabi/bin/../lib/gcc/arm-none-eabi/14.2.1/thumb/v7-m/nofp\libg.a(libc_a-stdio.o)
                              D:/msys64/arm-gnu-toolchain-14.2.rel1-mingw-w64-i686-arm-none-eabi/bin/../lib/gcc/arm-none-eabi/14.2.1/thumb/v7-m/nofp\libg.a(libc_a-findfp.o) (__sread)
D:/msys64/arm-gnu-toolchain-14.2.rel1-mingw-w64-i686-arm-none-eabi/bin/../lib/gcc/arm-none-eabi/14.2.1/thumb/v7-m/nofp\libg.a(libc_a-memset.o)
                              D:/msys64/arm-gnu-toolchain-14.2.rel1-mingw-w64-i686-arm-none-eabi/bin/../lib/gcc/arm-none-eabi/14.2.1/thumb/v7-m/nofp/crt0.o (memset)
D:/msys64/arm-gnu-toolchain-14.2.rel1-mingw-w64-i686-arm-none-eabi/bin/../lib/gcc/arm-none-eabi/14.2.1/thumb/v7-m/nofp\libg.a(libc_a-closer.o)
                              D:/msys64/arm-gnu-toolchain-14.2.rel1-mingw-w64-i686-arm-none-eabi/bin/../lib/gcc/arm-none-eabi/14.2.1/thumb/v7-m/nofp\libg.a(libc_a-stdio.o) (_close_r)
D:/msys64/arm-gnu-toolchain-14.2.rel1-mingw-w64-i686-arm-none-eabi/bin/../lib/gcc/arm-none-eabi/14.2.1/thumb/v7-m/nofp\libg.a(libc_a-reent.o)
                              D:/msys64/arm-gnu-toolchain-14.2.rel1-mingw-w64-i686-arm-none-eabi/bin/../lib/gcc/arm-none-eabi/14.2.1/thumb/v7-m/nofp\libg.a(libc_a-closer.o) (errno)
D:/msys64/arm-gnu-toolchain-14.2.rel1-mingw-w64-i686-arm-none-eabi/bin/../lib/gcc/arm-none-eabi/14.2.1/thumb/v7-m/nofp\libg.a(libc_a-impure.o)
                              D:/msys64/arm-gnu-toolchain-14.2.rel1-mingw-w64-i686-arm-none-eabi/bin/../lib/gcc/arm-none-eabi/14.2.1/thumb/v7-m/nofp\libg.a(libc_a-reent.o) (_impure_ptr)
D:/msys64/arm-gnu-toolchain-14.2.rel1-mingw-w64-i686-arm-none-eabi/bin/../lib/gcc/arm-none-eabi/14.2.1/thumb/v7-m/nofp\libg.a(libc_a-lseekr.o)
                              D:/msys64/arm-gnu-toolchain-14.2.rel1-mingw-w64-i686-arm-none-eabi/bin/../lib/gcc/arm-none-eabi/14.2.1/thumb/v7-m/nofp\libg.a(libc_a-stdio.o) (_lseek_r)
D:/msys64/arm-gnu-toolchain-14.2.rel1-mingw-w64-i686-arm-none-eabi/bin/../lib/gcc/arm-none-eabi/14.2.1/thumb/v7-m/nofp\libg.a(libc_a-readr.o)
                              D:/msys64/arm-gnu-toolchain-14.2.rel1-mingw-w64-i686-arm-none-eabi/bin/../lib/gcc/arm-none-eabi/14.2.1/thumb/v7-m/nofp\libg.a(libc_a-stdio.o) (_read_r)
D:/msys64/arm-gnu-toolchain-14.2.rel1-mingw-w64-i686-arm-none-eabi/bin/../lib/gcc/arm-none-eabi/14.2.1/thumb/v7-m/nofp\libg.a(libc_a-writer.o)
                              D:/msys64/arm-gnu-toolchain-14.2.rel1-mingw-w64-i686-arm-none-eabi/bin/../lib/gcc/arm-none-eabi/14.2.1/thumb/v7-m/nofp\libg.a(libc_a-stdio.o) (_write_r)
D:/msys64/arm-gnu-toolchain-14.2.rel1-mingw-w64-i686-arm-none-eabi/bin/../lib/gcc/arm-none-eabi/14.2.1/thumb/v7-m/nofp\libg.a(libc_a-errno.o)
                              CMakeFiles/pid_2.elf.dir/Core/Src/syscalls.c.obj (__errno)
D:/msys64/arm-gnu-toolchain-14.2.rel1-mingw-w64-i686-arm-none-eabi/bin/../lib/gcc/arm-none-eabi/14.2.1/thumb/v7-m/nofp\libg.a(libc_a-init.o)
                              D:/msys64/arm-gnu-toolchain-14.2.rel1-mingw-w64-i686-arm-none-eabi/bin/../lib/gcc/arm-none-eabi/14.2.1/thumb/v7-m/nofp/crt0.o (__libc_init_array)
D:/msys64/arm-gnu-toolchain-14.2.rel1-mingw-w64-i686-arm-none-eabi/bin/../lib/gcc/arm-none-eabi/14.2.1/thumb/v7-m/nofp\libg.a(libc_a-lock.o)
                              D:/msys64/arm-gnu-toolchain-14.2.rel1-mingw-w64-i686-arm-none-eabi/bin/../lib/gcc/arm-none-eabi/14.2.1/thumb/v7-m/nofp\libg.a(libc_a-findfp.o) (__retarget_lock_init_recursive)
D:/msys64/arm-gnu-toolchain-14.2.rel1-mingw-w64-i686-arm-none-eabi/bin/../lib/gcc/arm-none-eabi/14.2.1/thumb/v7-m/nofp\libg.a(libc_a-__call_atexit.o)
                              D:/msys64/arm-gnu-toolchain-14.2.rel1-mingw-w64-i686-arm-none-eabi/bin/../lib/gcc/arm-none-eabi/14.2.1/thumb/v7-m/nofp\libg.a(libc_a-exit.o) (__call_exitprocs)
D:/msys64/arm-gnu-toolchain-14.2.rel1-mingw-w64-i686-arm-none-eabi/bin/../lib/gcc/arm-none-eabi/14.2.1/thumb/v7-m/nofp\libg.a(libc_a-atexit.o)
[...]
Memory Configuration

Name             Origin             Length             Attributes
RAM              0x20000000         0x00010000         xrw
FLASH            0x08000000         0x00080000         xr
*default*        0x00000000         0xffffffff

Linker script and memory map

LOAD D:/msys64/arm-gnu-toolchain-14.2.rel1-mingw-w64-i686-arm-none-eabi/bin/../lib/gcc/arm-none-eabi/14.2.1/thumb/v7-m/nofp/crti.o
LOAD D:/msys64/arm-gnu-toolchain-14.2.rel1-mingw-w64-i686-arm-none-eabi/bin/../lib/gcc/arm-none-eabi/14.2.1/thumb/v7-m/nofp/crtbegin.o
LOAD D:/msys64/arm-gnu-toolchain-14.2.rel1-mingw-w64-i686-arm-none-eabi/bin/../lib/gcc/arm-none-eabi/14.2.1/thumb/v7-m/nofp/crt0.o
LOAD CMakeFiles/pid_2.elf.dir/Core/Src/encoder.cpp.obj
LOAD CMakeFiles/pid_2.elf.dir/Core/Src/gpio.c.obj
LOAD CMakeFiles/pid_2.elf.dir/Core/Src/main.c.obj
LOAD CMakeFiles/pid_2.elf.dir/Core/Src/mecanum.cpp.obj
LOAD CMakeFiles/pid_2.elf.dir/Core/Src/motor.cpp.obj
LOAD CMakeFiles/pid_2.elf.dir/Core/Src/robot.cpp.obj
LOAD CMakeFiles/pid_2.elf.dir/Core/Src/stm32f1xx_hal_msp.c.obj
LOAD CMakeFiles/pid_2.elf.dir/Core/Src/stm32f1xx_it.c.obj
LOAD CMakeFiles/pid_2.elf.dir/Core/Src/syscalls.c.obj
LOAD CMakeFiles/pid_2.elf.dir/Core/Src/sysmem.c.obj
LOAD CMakeFiles/pid_2.elf.dir/Core/Src/system_stm32f1xx.c.obj
LOAD CMakeFiles/pid_2.elf.dir/Core/Src/tim.c.obj
LOAD CMakeFiles/pid_2.elf.dir/Core/Startup/startup_stm32f103zetx.s.obj
LOAD CMakeFiles/pid_2.elf.dir/Drivers/STM32F1xx_HAL_Driver/Src/stm32f1xx_hal.c.obj
LOAD CMakeFiles/pid_2.elf.dir/Drivers/STM32F1xx_HAL_Driver/Src/stm32f1xx_hal_cortex.c.obj
LOAD CMakeFiles/pid_2.elf.dir/Drivers/STM32F1xx_HAL_Driver/Src/stm32f1xx_hal_dma.c.obj
LOAD CMakeFiles/pid_2.elf.dir/Drivers/STM32F1xx_HAL_Driver/Src/stm32f1xx_hal_exti.c.obj
LOAD CMakeFiles/pid_2.elf.dir/Drivers/STM32F1xx_HAL_Driver/Src/stm32f1xx_hal_flash.c.obj
LOAD CMakeFiles/pid_2.elf.dir/Drivers/STM32F1xx_HAL_Driver/Src/stm32f1xx_hal_flash_ex.c.obj
LOAD CMakeFiles/pid_2.elf.dir/Drivers/STM32F1xx_HAL_Driver/Src/stm32f1xx_hal_gpio.c.obj
LOAD CMakeFiles/pid_2.elf.dir/Drivers/STM32F1xx_HAL_Driver/Src/stm32f1xx_hal_gpio_ex.c.obj
LOAD CMakeFiles/pid_2.elf.dir/Drivers/STM32F1xx_HAL_Driver/Src/stm32f1xx_hal_pwr.c.obj
LOAD CMakeFiles/pid_2.elf.dir/Drivers/STM32F1xx_HAL_Driver/Src/stm32f1xx_hal_rcc.c.obj
LOAD CMakeFiles/pid_2.elf.dir/Drivers/STM32F1xx_HAL_Driver/Src/stm32f1xx_hal_rcc_ex.c.obj
LOAD CMakeFiles/pid_2.elf.dir/Drivers/STM32F1xx_HAL_Driver/Src/stm32f1xx_hal_tim.c.obj
LOAD CMakeFiles/pid_2.elf.dir/Drivers/STM32F1xx_HAL_Driver/Src/stm32f1xx_hal_tim_ex.c.obj
LOAD D:/msys64/arm-gnu-toolchain-14.2.rel1-mingw-w64-i686-arm-none-eabi/bin/../lib/gcc/arm-none-eabi/14.2.1/thumb/v7-m/nofp\libstdc++.a
LOAD D:/msys64/arm-gnu-toolchain-14.2.rel1-mingw-w64-i686-arm-none-eabi/bin/../lib/gcc/arm-none-eabi/14.2.1/thumb/v7-m/nofp\libm.a
START GROUP
LOAD D:/msys64/arm-gnu-toolchain-14.2.rel1-mingw-w64-i686-arm-none-eabi/bin/../lib/gcc/arm-none-eabi/14.2.1/thumb/v7-m/nofp\libgcc.a
LOAD D:/msys64/arm-gnu-toolchain-14.2.rel1-mingw-w64-i686-arm-none-eabi/bin/../lib/gcc/arm-none-eabi/14.2.1/thumb/v7-m/nofp\libg.a
LOAD D:/msys64/arm-gnu-toolchain-14.2.rel1-mingw-w64-i686-arm-none-eabi/bin/../lib/gcc/arm-none-eabi/14.2.1/thumb/v7-m/nofp\libc.a
END GROUP
LOAD D:/msys64/arm-gnu-toolchain-14.2.rel1-mingw-w64-i686-arm-none-eabi/bin/../lib/gcc/arm-none-eabi/14.2.1/thumb/v7-m/nofp/crtend.o
LOAD D:/msys64/arm-gnu-toolchain-14.2.rel1-mingw-w64-i686-arm-none-eabi/bin/../lib/gcc/arm-none-eabi/14.2.1/thumb/v7-m/nofp/crtn.o
                0x20010000                        _estack = (ORIGIN (RAM) + LENGTH (RAM))
                0x00000200                        _Min_Heap_Size = 0x200
                0x00000400                        _Min_Stack_Size = 0x400

.isr_vector     0x08000000      0x1e4
                0x08000000                        . = ALIGN (0x4)
 *(.isr_vector)
 .isr_vector    0x08000000      0x1e4 CMakeFiles/pid_2.elf.dir/Core/Startup/startup_stm32f103zetx.s.obj
                0x08000000                g_pfnVectors
                0x080001e4                        . = ALIGN (0x4)

.text           0x080001e4     0x1a4c
                0x080001e4                        . = ALIGN (0x4)
 *(.text)
 *(.text*)
 .text.deregister_tm_clones
                0x080001e4       0x1c D:/msys64/arm-gnu-toolchain-14.2.rel1-mingw-w64-i686-arm-none-eabi/bin/../lib/gcc/arm-none-eabi/14.2.1/thumb/v7-m/nofp/crtbegin.o
 .text.register_tm_clones
                0x08000200       0x24 D:/msys64/arm-gnu-toolchain-14.2.rel1-mingw-w64-i686-arm-none-eabi/bin/../lib/gcc/arm-none-eabi/14.2.1/thumb/v7-m/nofp/crtbegin.o
 .text.__do_global_dtors_aux
                0x08000224       0x28 D:/msys64/arm-gnu-toolchain-14.2.rel1-mingw-w64-i686-arm-none-eabi/bin/../lib/gcc/arm-none-eabi/14.2.1/thumb/v7-m/nofp/crtbegin.o
 .text.frame_dummy
                0x0800024c       0x24 D:/msys64/arm-gnu-toolchain-14.2.rel1-mingw-w64-i686-arm-none-eabi/bin/../lib/gcc/arm-none-eabi/14.2.1/thumb/v7-m/nofp/crtbegin.o
 .text.MX_GPIO_Init
                0x08000270       0x68 CMakeFiles/pid_2.elf.dir/Core/Src/gpio.c.obj
                0x08000270                MX_GPIO_Init
 .text.Error_Handler
                0x080002d8        0x4 CMakeFiles/pid_2.elf.dir/Core/Src/main.c.obj
                0x080002d8                Error_Handler
 .text.SystemClock_Config
                0x080002dc       0x64 CMakeFiles/pid_2.elf.dir/Core/Src/main.c.obj
                0x080002dc                SystemClock_Config
 .text.main     0x08000340       0x28 CMakeFiles/pid_2.elf.dir/Core/Src/main.c.obj
                0x08000340                main
 .text.HAL_MspInit
                0x08000368       0x44 CMakeFiles/pid_2.elf.dir/Core/Src/stm32f1xx_hal_msp.c.obj
                0x08000368                HAL_MspInit
 .text.NMI_Handler
                0x080003ac        0x2 CMakeFiles/pid_2.elf.dir/Core/Src/stm32f1xx_it.c.obj
                0x080003ac                NMI_Handler
 .text.HardFault_Handler
                0x080003ae        0x2 CMakeFiles/pid_2.elf.dir/Core/Src/stm32f1xx_it.c.obj
                0x080003ae                HardFault_Handler
 .text.MemManage_Handler
                0x080003b0        0x2 CMakeFiles/pid_2.elf.dir/Core/Src/stm32f1xx_it.c.obj
                0x080003b0                MemManage_Handler
 .text.BusFault_Handler
                0x080003b2        0x2 CMakeFiles/pid_2.elf.dir/Core/Src/stm32f1xx_it.c.obj
                0x080003b2                BusFault_Handler
 .text.UsageFault_Handler
                0x080003b4        0x2 CMakeFiles/pid_2.elf.dir/Core/Src/stm32f1xx_it.c.obj
                0x080003b4                UsageFault_Handler
 .text.SVC_Handler
                0x080003b6        0x2 CMakeFiles/pid_2.elf.dir/Core/Src/stm32f1xx_it.c.obj
                0x080003b6                SVC_Handler
 .text.DebugMon_Handler
                0x080003b8        0x2 CMakeFiles/pid_2.elf.dir/Core/Src/stm32f1xx_it.c.obj
                0x080003b8                DebugMon_Handler
 .text.PendSV_Handler
                0x080003ba        0x2 CMakeFiles/pid_2.elf.dir/Core/Src/stm32f1xx_it.c.obj
                0x080003ba                PendSV_Handler
 .text.SysTick_Handler
                0x080003bc        0x8 CMakeFiles/pid_2.elf.dir/Core/Src/stm32f1xx_it.c.obj
                0x080003bc                SysTick_Handler
 .text.SystemInit
                0x080003c4        0x2 CMakeFiles/pid_2.elf.dir/Core/Src/system_stm32f1xx.c.obj
                0x080003c4                SystemInit
 *fill*         0x080003c6        0x2 
 .text.MX_TIM1_Init
                0x080003c8       0x64 CMakeFiles/pid_2.elf.dir/Core/Src/tim.c.obj
                0x080003c8                MX_TIM1_Init
 .text.MX_TIM2_Init
                0x0800042c       0x60 CMakeFiles/pid_2.elf.dir/Core/Src/tim.c.obj
                0x0800042c                MX_TIM2_Init
 .text.MX_TIM3_Init
                0x0800048c       0x64 CMakeFiles/pid_2.elf.dir/Core/Src/tim.c.obj
                0x0800048c                MX_TIM3_Init
 .text.MX_TIM4_Init
                0x080004f0       0x64 CMakeFiles/pid_2.elf.dir/Core/Src/tim.c.obj
                0x080004f0                MX_TIM4_Init
 .text.HAL_TIM_Encoder_MspInit
                0x08000554      0x17c CMakeFiles/pid_2.elf.dir/Core/Src/tim.c.obj
                0x08000554                HAL_TIM_Encoder_MspInit
 .text.HAL_TIM_Base_MspInit
                0x080006d0       0x4c CMakeFiles/pid_2.elf.dir/Core/Src/tim.c.obj
                0x080006d0                HAL_TIM_Base_MspInit
 .text.HAL_TIM_MspPostInit
                0x0800071c       0x88 CMakeFiles/pid_2.elf.dir/Core/Src/tim.c.obj
                0x0800071c                HAL_TIM_MspPostInit
 .text.MX_TIM5_Init
                0x080007a4       0xe8 CMakeFiles/pid_2.elf.dir/Core/Src/tim.c.obj
                0x080007a4                MX_TIM5_Init
 .text.MX_TIM8_Init
                0x0800088c      0x120 CMakeFiles/pid_2.elf.dir/Core/Src/tim.c.obj
                0x0800088c                MX_TIM8_Init
 .text.Reset_Handler
                0x080009ac       0x48 CMakeFiles/pid_2.elf.dir/Core/Startup/startup_stm32f103zetx.s.obj
                0x080009ac                Reset_Handler
 .text.Default_Handler
                0x080009f4        0x2 CMakeFiles/pid_2.elf.dir/Core/Startup/startup_stm32f103zetx.s.obj
                0x080009f4                RTC_Alarm_IRQHandler
                0x080009f4                EXTI2_IRQHandler
                0x080009f4                TIM8_TRG_COM_IRQHandler
                0x080009f4                TIM8_CC_IRQHandler
                0x080009f4                TIM1_CC_IRQHandler
                0x080009f4                TIM6_IRQHandler
                0x080009f4                PVD_IRQHandler
                0x080009f4                SDIO_IRQHandler
                0x080009f4                EXTI3_IRQHandler
                0x080009f4                EXTI0_IRQHandler
                0x080009f4                I2C2_EV_IRQHandler
                0x080009f4                ADC1_2_IRQHandler
                0x080009f4                SPI1_IRQHandler
                0x080009f4                TAMPER_IRQHandler
                0x080009f4                TIM8_UP_IRQHandler
                0x080009f4                DMA2_Channel2_IRQHandler
                0x080009f4                DMA1_Channel4_IRQHandler
                0x080009f4                USART3_IRQHandler
                0x080009f4                RTC_IRQHandler
                0x080009f4                DMA1_Channel7_IRQHandler
                0x080009f4                CAN1_RX1_IRQHandler
                0x080009f4                UART5_IRQHandler
                0x080009f4                ADC3_IRQHandler
                0x080009f4                TIM4_IRQHandler
                0x080009f4                DMA2_Channel1_IRQHandler
                0x080009f4                I2C1_EV_IRQHandler
                0x080009f4                DMA1_Channel6_IRQHandler
                0x080009f4                UART4_IRQHandler
                0x080009f4                TIM3_IRQHandler
                0x080009f4                RCC_IRQHandler
                0x080009f4                TIM1_TRG_COM_IRQHandler
                0x080009f4                DMA1_Channel1_IRQHandler
                0x080009f4                Default_Handler
                0x080009f4                EXTI15_10_IRQHandler
                0x080009f4                TIM7_IRQHandler
                0x080009f4                TIM5_IRQHandler
                0x080009f4                EXTI9_5_IRQHandler
                0x080009f4                SPI2_IRQHandler
                0x080009f4                DMA1_Channel5_IRQHandler
                0x080009f4                EXTI4_IRQHandler
                0x080009f4                USB_LP_CAN1_RX0_IRQHandler
                0x080009f4                USB_HP_CAN1_TX_IRQHandler
                0x080009f4                DMA1_Channel3_IRQHandler
                0x080009f4                FSMC_IRQHandler
                0x080009f4                TIM1_UP_IRQHandler
                0x080009f4                WWDG_IRQHandler
                0x080009f4                TIM2_IRQHandler
                0x080009f4                TIM1_BRK_IRQHandler
                0x080009f4                EXTI1_IRQHandler
                0x080009f4                DMA2_Channel4_5_IRQHandler
                0x080009f4                USART2_IRQHandler
                0x080009f4                I2C2_ER_IRQHandler
                0x080009f4                DMA1_Channel2_IRQHandler
                0x080009f4                TIM8_BRK_IRQHandler
                0x080009f4                CAN1_SCE_IRQHandler
                0x080009f4                FLASH_IRQHandler
                0x080009f4                USART1_IRQHandler
                0x080009f4                SPI3_IRQHandler
                0x080009f4                I2C1_ER_IRQHandler
                0x080009f4                USBWakeUp_IRQHandler
                0x080009f4                DMA2_Channel3_IRQHandler
 *fill*         0x080009f6        0x2 
 .text.HAL_InitTick
                0x080009f8       0x4c CMakeFiles/pid_2.elf.dir/Drivers/STM32F1xx_HAL_Driver/Src/stm32f1xx_hal.c.obj
                0x080009f8                HAL_InitTick
 .text.HAL_Init
                0x08000a44       0x24 CMakeFiles/pid_2.elf.dir/Drivers/STM32F1xx_HAL_Driver/Src/stm32f1xx_hal.c.obj
                0x08000a44                HAL_Init
 .text.HAL_IncTick
                0x08000a68       0x18 CMakeFiles/pid_2.elf.dir/Drivers/STM32F1xx_HAL_Driver/Src/stm32f1xx_hal.c.obj
                0x08000a68                HAL_IncTick
 .text.HAL_GetTick
                0x08000a80        0xc CMakeFiles/pid_2.elf.dir/Drivers/STM32F1xx_HAL_Driver/Src/stm32f1xx_hal.c.obj
                0x08000a80                HAL_GetTick
 .text.__NVIC_SetPriority
                0x08000a8c       0x28 CMakeFiles/pid_2.elf.dir/Drivers/STM32F1xx_HAL_Driver/Src/stm32f1xx_hal_cortex.c.obj
 .text.NVIC_EncodePriority
                0x08000ab4       0x3e CMakeFiles/pid_2.elf.dir/Drivers/STM32F1xx_HAL_Driver/Src/stm32f1xx_hal_cortex.c.obj
 *fill*         0x08000af2        0x2 
 .text.HAL_NVIC_SetPriorityGrouping
                0x08000af4       0x24 CMakeFiles/pid_2.elf.dir/Drivers/STM32F1xx_HAL_Driver/Src/stm32f1xx_hal_cortex.c.obj
                0x08000af4                HAL_NVIC_SetPriorityGrouping
 .text.HAL_NVIC_SetPriority
                0x08000b18       0x20 CMakeFiles/pid_2.elf.dir/Drivers/STM32F1xx_HAL_Driver/Src/stm32f1xx_hal_cortex.c.obj
                0x08000b18                HAL_NVIC_SetPriority
 .text.HAL_SYSTICK_Config
                0x08000b38       0x28 CMakeFiles/pid_2.elf.dir/Drivers/STM32F1xx_HAL_Driver/Src/stm32f1xx_hal_cortex.c.obj
                0x08000b38                HAL_SYSTICK_Config
 .text.HAL_GPIO_Init
                0x08000b60      0x230 CMakeFiles/pid_2.elf.dir/Drivers/STM32F1xx_HAL_Driver/Src/stm32f1xx_hal_gpio.c.obj
                0x08000b60                HAL_GPIO_Init
 .text.RCC_Delay
                0x08000d90       0x2c CMakeFiles/pid_2.elf.dir/Drivers/STM32F1xx_HAL_Driver/Src/stm32f1xx_hal_rcc.c.obj
 .text.HAL_RCC_OscConfig
                0x08000dbc      0x410 CMakeFiles/pid_2.elf.dir/Drivers/STM32F1xx_HAL_Driver/Src/stm32f1xx_hal_rcc.c.obj
                0x08000dbc                HAL_RCC_OscConfig
 .text.HAL_RCC_GetSysClockFreq
                0x080011cc       0x54 CMakeFiles/pid_2.elf.dir/Drivers/STM32F1xx_HAL_Driver/Src/stm32f1xx_hal_rcc.c.obj
                0x080011cc                HAL_RCC_GetSysClockFreq
 .text.HAL_RCC_ClockConfig
                0x08001220      0x16c CMakeFiles/pid_2.elf.dir/Drivers/STM32F1xx_HAL_Driver/Src/stm32f1xx_hal_rcc.c.obj
                0x08001220                HAL_RCC_ClockConfig
 .text.TIM_OC1_SetConfig
                0x0800138c       0x70 CMakeFiles/pid_2.elf.dir/Drivers/STM32F1xx_HAL_Driver/Src/stm32f1xx_hal_tim.c.obj
 .text.TIM_OC3_SetConfig
                0x080013fc       0x70 CMakeFiles/pid_2.elf.dir/Drivers/STM32F1xx_HAL_Driver/Src/stm32f1xx_hal_tim.c.obj
 .text.TIM_OC4_SetConfig
                0x0800146c       0x50 CMakeFiles/pid_2.elf.dir/Drivers/STM32F1xx_HAL_Driver/Src/stm32f1xx_hal_tim.c.obj
 .text.TIM_TI1_ConfigInputStage
                0x080014bc       0x24 CMakeFiles/pid_2.elf.dir/Drivers/STM32F1xx_HAL_Driver/Src/stm32f1xx_hal_tim.c.obj
 .text.TIM_TI2_ConfigInputStage
                0x080014e0       0x26 CMakeFiles/pid_2.elf.dir/Drivers/STM32F1xx_HAL_Driver/Src/stm32f1xx_hal_tim.c.obj
 .text.TIM_ITRx_SetConfig
                0x08001506       0x10 CMakeFiles/pid_2.elf.dir/Drivers/STM32F1xx_HAL_Driver/Src/stm32f1xx_hal_tim.c.obj
 .text.HAL_TIM_PWM_MspInit
                0x08001516        0x2 CMakeFiles/pid_2.elf.dir/Drivers/STM32F1xx_HAL_Driver/Src/stm32f1xx_hal_tim.c.obj
                0x08001516                HAL_TIM_PWM_MspInit
 .text.TIM_Base_SetConfig
                0x08001518       0xa8 CMakeFiles/pid_2.elf.dir/Drivers/STM32F1xx_HAL_Driver/Src/stm32f1xx_hal_tim.c.obj
                0x08001518                TIM_Base_SetConfig
 .text.HAL_TIM_Base_Init
                0x080015c0       0x58 CMakeFiles/pid_2.elf.dir/Drivers/STM32F1xx_HAL_Driver/Src/stm32f1xx_hal_tim.c.obj
                0x080015c0                HAL_TIM_Base_Init
 .text.HAL_TIM_PWM_Init
                0x08001618       0x58 CMakeFiles/pid_2.elf.dir/Drivers/STM32F1xx_HAL_Driver/Src/stm32f1xx_hal_tim.c.obj
                0x08001618                HAL_TIM_PWM_Init
 .text.HAL_TIM_Encoder_Init
                0x08001670       0xb6 CMakeFiles/pid_2.elf.dir/Drivers/STM32F1xx_HAL_Driver/Src/stm32f1xx_hal_tim.c.obj
                0x08001670                HAL_TIM_Encoder_Init
 *fill*         0x08001726        0x2 
 .text.TIM_OC2_SetConfig
                0x08001728       0x70 CMakeFiles/pid_2.elf.dir/Drivers/STM32F1xx_HAL_Driver/Src/stm32f1xx_hal_tim.c.obj
                0x08001728                TIM_OC2_SetConfig
 .text.HAL_TIM_PWM_ConfigChannel
                0x08001798       0xdc CMakeFiles/pid_2.elf.dir/Drivers/STM32F1xx_HAL_Driver/Src/stm32f1xx_hal_tim.c.obj
                0x08001798                HAL_TIM_PWM_ConfigChannel
 .text.TIM_ETR_SetConfig
                0x08001874       0x18 CMakeFiles/pid_2.elf.dir/Drivers/STM32F1xx_HAL_Driver/Src/stm32f1xx_hal_tim.c.obj
                0x08001874                TIM_ETR_SetConfig
 .text.HAL_TIM_ConfigClockSource
                0x0800188c       0xfe CMakeFiles/pid_2.elf.dir/Drivers/STM32F1xx_HAL_Driver/Src/stm32f1xx_hal_tim.c.obj
                0x0800188c                HAL_TIM_ConfigClockSource
 *fill*         0x0800198a        0x2 
 .text.HAL_TIMEx_MasterConfigSynchronization
                0x0800198c       0x7c CMakeFiles/pid_2.elf.dir/Drivers/STM32F1xx_HAL_Driver/Src/stm32f1xx_hal_tim_ex.c.obj
                0x0800198c                HAL_TIMEx_MasterConfigSynchronization
 .text.HAL_TIMEx_ConfigBreakDeadTime
                0x08001a08       0x52 CMakeFiles/pid_2.elf.dir/Drivers/STM32F1xx_HAL_Driver/Src/stm32f1xx_hal_tim_ex.c.obj
                0x08001a08                HAL_TIMEx_ConfigBreakDeadTime
 *fill*         0x08001a5a        0x2 
 .text.memset   0x08001a5c       0x9c D:/msys64/arm-gnu-toolchain-14.2.rel1-mingw-w64-i686-arm-none-eabi/bin/../lib/gcc/arm-none-eabi/14.2.1/thumb/v7-m/nofp\libg.a(libc_a-memset.o)
                0x08001a5c                memset
 .text.__libc_init_array
                0x08001af8       0x50 D:/msys64/arm-gnu-toolchain-14.2.rel1-mingw-w64-i686-arm-none-eabi/bin/../lib/gcc/arm-none-eabi/14.2.1/thumb/v7-m/nofp\libg.a(libc_a-init.o)
                0x08001af8                __libc_init_array
 .text.__retarget_lock_acquire_recursive
                0x08001b48        0x4 D:/msys64/arm-gnu-toolchain-14.2.rel1-mingw-w64-i686-arm-none-eabi/bin/../lib/gcc/arm-none-eabi/14.2.1/thumb/v7-m/nofp\libg.a(libc_a-lock.o)
                0x08001b48                __retarget_lock_acquire_recursive
 .text.__retarget_lock_release_recursive
                0x08001b4c        0x4 D:/msys64/arm-gnu-toolchain-14.2.rel1-mingw-w64-i686-arm-none-eabi/bin/../lib/gcc/arm-none-eabi/14.2.1/thumb/v7-m/nofp\libg.a(libc_a-lock.o)
                0x08001b4c                __retarget_lock_release_recursive
 .text.startup.register_fini
                0x08001b50       0x14 D:/msys64/arm-gnu-toolchain-14.2.rel1-mingw-w64-i686-arm-none-eabi/bin/../lib/gcc/arm-none-eabi/14.2.1/thumb/v7-m/nofp\libg.a(libc_a-__call_atexit.o)
 .text.atexit   0x08001b64        0xc D:/msys64/arm-gnu-toolchain-14.2.rel1-mingw-w64-i686-arm-none-eabi/bin/../lib/gcc/arm-none-eabi/14.2.1/thumb/v7-m/nofp\libg.a(libc_a-atexit.o)
                0x08001b64                atexit
 .text.__libc_fini_array
                0x08001b70       0x28 D:/msys64/arm-gnu-toolchain-14.2.rel1-mingw-w64-i686-arm-none-eabi/bin/../lib/gcc/arm-none-eabi/14.2.1/thumb/v7-m/nofp\libg.a(libc_a-fini.o)
                0x08001b70                __libc_fini_array
 .text.__register_exitproc
                0x08001b98       0x80 D:/msys64/arm-gnu-toolchain-14.2.rel1-mingw-w64-i686-arm-none-eabi/bin/../lib/gcc/arm-none-eabi/14.2.1/thumb/v7-m/nofp\libg.a(libc_a-__atexit.o)
                0x08001b98                __register_exitproc
 *(.glue_7)
 .glue_7        0x08001c18        0x0 linker stubs
 *(.glue_7t)
 .glue_7t       0x08001c18        0x0 linker stubs
 *(.eh_frame)
 .eh_frame      0x08001c18        0x0 D:/msys64/arm-gnu-toolchain-14.2.rel1-mingw-w64-i686-arm-none-eabi/bin/../lib/gcc/arm-none-eabi/14.2.1/thumb/v7-m/nofp/crtbegin.o
 *(.init)
 .init          0x08001c18        0x4 D:/msys64/arm-gnu-toolchain-14.2.rel1-mingw-w64-i686-arm-none-eabi/bin/../lib/gcc/arm-none-eabi/14.2.1/thumb/v7-m/nofp/crti.o
                0x08001c18                _init
 .init          0x08001c1c        0x8 D:/msys64/arm-gnu-toolchain-14.2.rel1-mingw-w64-i686-arm-none-eabi/bin/../lib/gcc/arm-none-eabi/14.2.1/thumb/v7-m/nofp/crtn.o
 *(.fini)
 .fini          0x08001c24        0x4 D:/msys64/arm-gnu-toolchain-14.2.rel1-mingw-w64-i686-arm-none-eabi/bin/../lib/gcc/arm-none-eabi/14.2.1/thumb/v7-m/nofp/crti.o
                0x08001c24                _fini
 .fini          0x08001c28        0x8 D:/msys64/arm-gnu-toolchain-14.2.rel1-mingw-w64-i686-arm-none-eabi/bin/../lib/gcc/arm-none-eabi/14.2.1/thumb/v7-m/nofp/crtn.o
                0x08001c30                        . = ALIGN (0x4)
                0x08001c30                        _etext = .

.vfp11_veneer   0x08001c30        0x0
 .vfp11_veneer  0x08001c30        0x0 linker stubs

.v4_bx          0x08001c30        0x0
 .v4_bx         0x08001c30        0x0 linker stubs

.iplt           0x08001c30        0x0
 .iplt          0x08001c30        0x0 D:/msys64/arm-gnu-toolchain-14.2.rel1-mingw-w64-i686-arm-none-eabi/bin/../lib/gcc/arm-none-eabi/14.2.1/thumb/v7-m/nofp/crtbegin.o

.rodata         0x08001c30       0x24
                0x08001c30                        . = ALIGN (0x4)
 *(.rodata)
 *(.rodata*)
 .rodata.AHBPrescTable
                0x08001c30       0x10 CMakeFiles/pid_2.elf.dir/Core/Src/system_stm32f1xx.c.obj
                0x08001c30                AHBPrescTable
 .rodata.aPredivFactorTable.0
                0x08001c40        0x2 CMakeFiles/pid_2.elf.dir/Drivers/STM32F1xx_HAL_Driver/Src/stm32f1xx_hal_rcc.c.obj
 *fill*         0x08001c42        0x2 
 .rodata.aPLLMULFactorTable.1
                0x08001c44       0x10 CMakeFiles/pid_2.elf.dir/Drivers/STM32F1xx_HAL_Driver/Src/stm32f1xx_hal_rcc.c.obj
                0x08001c54                        . = ALIGN (0x4)

.ARM.extab      0x08001c54        0x0
                0x08001c54                        . = ALIGN (0x4)
 *(.ARM.extab* .gnu.linkonce.armextab.*)
                0x08001c54                        . = ALIGN (0x4)

.ARM            0x08001c54        0x0
                0x08001c54                        . = ALIGN (0x4)
                0x08001c54                        __exidx_start = .
 *(.ARM.exidx*)
                0x08001c54                        __exidx_end = .
                0x08001c54                        . = ALIGN (0x4)

.preinit_array  0x08001c54        0x0
                0x08001c54                        . = ALIGN (0x4)
                0x08001c54                        PROVIDE (__preinit_array_start = .)
 *(.preinit_array*)
                0x08001c54                        PROVIDE (__preinit_array_end = .)
                0x08001c54                        . = ALIGN (0x4)

.init_array     0x08001c54        0x8
                0x08001c54                        . = ALIGN (0x4)
                0x08001c54                        PROVIDE (__init_array_start = .)
 *(SORT_BY_NAME(.init_array.*))
 .init_array.00000
                0x08001c54        0x4 D:/msys64/arm-gnu-toolchain-14.2.rel1-mingw-w64-i686-arm-none-eabi/bin/../lib/gcc/arm-none-eabi/14.2.1/thumb/v7-m/nofp\libg.a(libc_a-__call_atexit.o)
 *(.init_array*)
 .init_array    0x08001c58        0x4 D:/msys64/arm-gnu-toolchain-14.2.rel1-mingw-w64-i686-arm-none-eabi/bin/../lib/gcc/arm-none-eabi/14.2.1/thumb/v7-m/nofp/crtbegin.o
                0x08001c5c                        PROVIDE (__init_array_end = .)
                0x08001c5c                        . = ALIGN (0x4)

.fini_array     0x08001c5c        0x4
                0x08001c5c                        . = ALIGN (0x4)
                0x08001c5c                        PROVIDE (__fini_array_start = .)
 *(SORT_BY_NAME(.fini_array.*))
 *(.fini_array*)
 .fini_array    0x08001c5c        0x4 D:/msys64/arm-gnu-toolchain-14.2.rel1-mingw-w64-i686-arm-none-eabi/bin/../lib/gcc/arm-none-eabi/14.2.1/thumb/v7-m/nofp/crtbegin.o
                0x08001c60                        PROVIDE (__fini_array_end = .)
                0x08001c60                        . = ALIGN (0x4)
                0x08001c60                        _sidata = LOADADDR (.data)

.rel.dyn        0x08001c60        0x0
 .rel.iplt      0x08001c60        0x0 D:/msys64/arm-gnu-toolchain-14.2.rel1-mingw-w64-i686-arm-none-eabi/bin/../lib/gcc/arm-none-eabi/14.2.1/thumb/v7-m/nofp/crtbegin.o

.data           0x20000000       0x10 load address 0x08001c60
                0x20000000                        . = ALIGN (0x4)
                0x20000000                        _sdata = .
 *(.data)
 *(.data*)
 .data.SystemCoreClock
                0x20000000        0x4 CMakeFiles/pid_2.elf.dir/Core/Src/system_stm32f1xx.c.obj
                0x20000000                SystemCoreClock
 .data.uwTickFreq
                0x20000004        0x1 CMakeFiles/pid_2.elf.dir/Drivers/STM32F1xx_HAL_Driver/Src/stm32f1xx_hal.c.obj
                0x20000004                uwTickFreq
 *fill*         0x20000005        0x3 
 .data.uwTickPrio
                0x20000008        0x4 CMakeFiles/pid_2.elf.dir/Drivers/STM32F1xx_HAL_Driver/Src/stm32f1xx_hal.c.obj
                0x20000008                uwTickPrio
 .data.__atexit_recursive_mutex
                0x2000000c        0x4 D:/msys64/arm-gnu-toolchain-14.2.rel1-mingw-w64-i686-arm-none-eabi/bin/../lib/gcc/arm-none-eabi/14.2.1/thumb/v7-m/nofp\libg.a(libc_a-__call_atexit.o)
                0x2000000c                __atexit_recursive_mutex
 *(.RamFunc)
 *(.RamFunc*)
                0x20000010                        . = ALIGN (0x4)
                0x20000010                        _edata = .

.tm_clone_table
                0x20000010        0x0 load address 0x08001c70
 .tm_clone_table
                0x20000010        0x0 D:/msys64/arm-gnu-toolchain-14.2.rel1-mingw-w64-i686-arm-none-eabi/bin/../lib/gcc/arm-none-eabi/14.2.1/thumb/v7-m/nofp/crtbegin.o
 .tm_clone_table
                0x20000010        0x0 D:/msys64/arm-gnu-toolchain-14.2.rel1-mingw-w64-i686-arm-none-eabi/bin/../lib/gcc/arm-none-eabi/14.2.1/thumb/v7-m/nofp/crtend.o

.igot.plt       0x20000010        0x0 load address 0x08001c70
 .igot.plt      0x20000010        0x0 D:/msys64/arm-gnu-toolchain-14.2.rel1-mingw-w64-i686-arm-none-eabi/bin/../lib/gcc/arm-none-eabi/14.2.1/thumb/v7-m/nofp/crtbegin.o
                0x20000010                        . = ALIGN (0x4)

.bss            0x20000010      0x368 load address 0x08001c70
                0x20000010                        _sbss = .
                0x20000010                        __bss_start__ = _sbss
 *(.bss)
 *(.bss*)
 .bss.completed.1
                0x20000010        0x1 D:/msys64/arm-gnu-toolchain-14.2.rel1-mingw-w64-i686-arm-none-eabi/bin/../lib/gcc/arm-none-eabi/14.2.1/thumb/v7-m/nofp/crtbegin.o
 *fill*         0x20000011        0x3 
 .bss.object.0  0x20000014       0x18 D:/msys64/arm-gnu-toolchain-14.2.rel1-mingw-w64-i686-arm-none-eabi/bin/../lib/gcc/arm-none-eabi/14.2.1/thumb/v7-m/nofp/crtbegin.o
 .bss.htim8     0x2000002c       0x48 CMakeFiles/pid_2.elf.dir/Core/Src/tim.c.obj
                0x2000002c                htim8
 .bss.htim5     0x20000074       0x48 CMakeFiles/pid_2.elf.dir/Core/Src/tim.c.obj
                0x20000074                htim5
 .bss.htim4     0x200000bc       0x48 CMakeFiles/pid_2.elf.dir/Core/Src/tim.c.obj
                0x200000bc                htim4
 .bss.htim3     0x20000104       0x48 CMakeFiles/pid_2.elf.dir/Core/Src/tim.c.obj
                0x20000104                htim3
 .bss.htim2     0x2000014c       0x48 CMakeFiles/pid_2.elf.dir/Core/Src/tim.c.obj
                0x2000014c                htim2
 .bss.htim1     0x20000194       0x48 CMakeFiles/pid_2.elf.dir/Core/Src/tim.c.obj
                0x20000194                htim1
 .bss.uwTick    0x200001dc        0x4 CMakeFiles/pid_2.elf.dir/Drivers/STM32F1xx_HAL_Driver/Src/stm32f1xx_hal.c.obj
                0x200001dc                uwTick
 .bss.__lock___atexit_recursive_mutex
                0x200001e0        0x1 D:/msys64/arm-gnu-toolchain-14.2.rel1-mingw-w64-i686-arm-none-eabi/bin/../lib/gcc/arm-none-eabi/14.2.1/thumb/v7-m/nofp\libg.a(libc_a-lock.o)
                0x200001e0                __lock___atexit_recursive_mutex
 *fill*         0x200001e1        0x3 
 .bss.__atexit  0x200001e4        0x4 D:/msys64/arm-gnu-toolchain-14.2.rel1-mingw-w64-i686-arm-none-eabi/bin/../lib/gcc/arm-none-eabi/14.2.1/thumb/v7-m/nofp\libg.a(libc_a-__call_atexit.o)
                0x200001e4                __atexit
 .bss.__atexit0
                0x200001e8      0x190 D:/msys64/arm-gnu-toolchain-14.2.rel1-mingw-w64-i686-arm-none-eabi/bin/../lib/gcc/arm-none-eabi/14.2.1/thumb/v7-m/nofp\libg.a(libc_a-__atexit.o)
                0x200001e8                __atexit0
 *(COMMON)
                0x20000378                        . = ALIGN (0x4)
                0x20000378                        _ebss = .
                0x20000378                        __bss_end__ = _ebss

._user_heap_stack
                0x20000378      0x600 load address 0x08001c70
                0x20000378                        . = ALIGN (0x8)
                [!provide]                        PROVIDE (end = .)
                0x20000378                        PROVIDE (_end = .)
                0x20000578                        . = (. + _Min_Heap_Size)
 *fill*         0x20000378      0x200 
                0x20000978                        . = (. + _Min_Stack_Size)
 *fill*         0x20000578      0x400 
                0x20000978                        . = ALIGN (0x8)

/DISCARD/
 libc.a(*)
 libm.a(*)
 libgcc.a(*)

.ARM.attributes
                0x00000000       0x29
 *(.ARM.attributes)
 .ARM.attributes
                0x00000000       0x1d D:/msys64/arm-gnu-toolchain-14.2.rel1-mingw-w64-i686-arm-none-eabi/bin/../lib/gcc/arm-none-eabi/14.2.1/thumb/v7-m/nofp/crti.o
 .ARM.attributes
                0x0000001d       0x2d D:/msys64/arm-gnu-toolchain-14.2.rel1-mingw-w64-i686-arm-none-eabi/bin/../lib/gcc/arm-none-eabi/14.2.1/thumb/v7-m/nofp/crtbegin.o
 .ARM.attributes
                0x0000004a       0x2d CMakeFiles/pid_2.elf.dir/Core/Src/gpio.c.obj
 .ARM.attributes
                0x00000077       0x2d CMakeFiles/pid_2.elf.dir/Core/Src/main.c.obj
 .ARM.attributes
                0x000000a4       0x2d CMakeFiles/pid_2.elf.dir/Core/Src/stm32f1xx_hal_msp.c.obj
 .ARM.attributes
                0x000000d1       0x2d CMakeFiles/pid_2.elf.dir/Core/Src/stm32f1xx_it.c.obj
 .ARM.attributes
                0x000000fe       0x2d CMakeFiles/pid_2.elf.dir/Core/Src/system_stm32f1xx.c.obj
 .ARM.attributes
                0x0000012b       0x2d CMakeFiles/pid_2.elf.dir/Core/Src/tim.c.obj
 .ARM.attributes
                0x00000158       0x21 CMakeFiles/pid_2.elf.dir/Core/Startup/startup_stm32f103zetx.s.obj
 .ARM.attributes
                0x00000179       0x2d CMakeFiles/pid_2.elf.dir/Drivers/STM32F1xx_HAL_Driver/Src/stm32f1xx_hal.c.obj
 .ARM.attributes
                0x000001a6       0x2d CMakeFiles/pid_2.elf.dir/Drivers/STM32F1xx_HAL_Driver/Src/stm32f1xx_hal_cortex.c.obj
 .ARM.attributes
                0x000001d3       0x2d CMakeFiles/pid_2.elf.dir/Drivers/STM32F1xx_HAL_Driver/Src/stm32f1xx_hal_gpio.c.obj
 .ARM.attributes
                0x00000200       0x2d CMakeFiles/pid_2.elf.dir/Drivers/STM32F1xx_HAL_Driver/Src/stm32f1xx_hal_rcc.c.obj
 .ARM.attributes
                0x0000022d       0x2d CMakeFiles/pid_2.elf.dir/Drivers/STM32F1xx_HAL_Driver/Src/stm32f1xx_hal_tim.c.obj
 .ARM.attributes
                0x0000025a       0x2d CMakeFiles/pid_2.elf.dir/Drivers/STM32F1xx_HAL_Driver/Src/stm32f1xx_hal_tim_ex.c.obj
 .ARM.attributes
                0x00000287       0x2d D:/msys64/arm-gnu-toolchain-14.2.rel1-mingw-w64-i686-arm-none-eabi/bin/../lib/gcc/arm-none-eabi/14.2.1/thumb/v7-m/nofp\libg.a(libc_a-memset.o)
 .ARM.attributes
                0x000002b4       0x2d D:/msys64/arm-gnu-toolchain-14.2.rel1-mingw-w64-i686-arm-none-eabi/bin/../lib/gcc/arm-none-eabi/14.2.1/thumb/v7-m/nofp\libg.a(libc_a-init.o)
 .ARM.attributes
                0x000002e1       0x2d D:/msys64/arm-gnu-toolchain-14.2.rel1-mingw-w64-i686-arm-none-eabi/bin/../lib/gcc/arm-none-eabi/14.2.1/thumb/v7-m/nofp\libg.a(libc_a-lock.o)
 .ARM.attributes
                0x0000030e       0x2d D:/msys64/arm-gnu-toolchain-14.2.rel1-mingw-w64-i686-arm-none-eabi/bin/../lib/gcc/arm-none-eabi/14.2.1/thumb/v7-m/nofp\libg.a(libc_a-__call_atexit.o)
 .ARM.attributes
                0x0000033b       0x2d D:/msys64/arm-gnu-toolchain-14.2.rel1-mingw-w64-i686-arm-none-eabi/bin/../lib/gcc/arm-none-eabi/14.2.1/thumb/v7-m/nofp\libg.a(libc_a-atexit.o)
 .ARM.attributes
                0x00000368       0x2d D:/msys64/arm-gnu-toolchain-14.2.rel1-mingw-w64-i686-arm-none-eabi/bin/../lib/gcc/arm-none-eabi/14.2.1/thumb/v7-m/nofp\libg.a(libc_a-fini.o)
 .ARM.attributes
                0x00000395       0x2d D:/msys64/arm-gnu-toolchain-14.2.rel1-mingw-w64-i686-arm-none-eabi/bin/../lib/gcc/arm-none-eabi/14.2.1/thumb/v7-m/nofp\libg.a(libc_a-__atexit.o)
 .ARM.attributes
                0x000003c2       0x2d D:/msys64/arm-gnu-toolchain-14.2.rel1-mingw-w64-i686-arm-none-eabi/bin/../lib/gcc/arm-none-eabi/14.2.1/thumb/v7-m/nofp/crtend.o
 .ARM.attributes
                0x000003ef       0x1d D:/msys64/arm-gnu-toolchain-14.2.rel1-mingw-w64-i686-arm-none-eabi/bin/../lib/gcc/arm-none-eabi/14.2.1/thumb/v7-m/nofp/crtn.o
OUTPUT(pid_2.elf elf32-littlearm)
LOAD linker stubs
LOAD D:/msys64/arm-gnu-toolchain-14.2.rel1-mingw-w64-i686-arm-none-eabi/bin/../lib/gcc/arm-none-eabi/14.2.1/thumb/v7-m/nofp\libc.a
LOAD D:/msys64/arm-gnu-toolchain-14.2.rel1-mingw-w64-i686-arm-none-eabi/bin/../lib/gcc/arm-none-eabi/14.2.1/thumb/v7-m/nofp\libm.a
LOAD D:/msys64/arm-gnu-toolchain-14.2.rel1-mingw-w64-i686-arm-none-eabi/bin/../lib/gcc/arm-none-eabi/14.2.1/thumb/v7-m/nofp\libgcc.a

.debug_info     0x00000000     0x9be0
 .debug_info    0x00000000      0x1b6 CMakeFiles/pid_2.elf.dir/Core/Src/gpio.c.obj
 .debug_info    0x000001b6      0x37e CMakeFiles/pid_2.elf.dir/Core/Src/main.c.obj
 .debug_info    0x00000534      0x1f4 CMakeFiles/pid_2.elf.dir/Core/Src/stm32f1xx_hal_msp.c.obj
 .debug_info    0x00000728      0x11d CMakeFiles/pid_2.elf.dir/Core/Src/stm32f1xx_it.c.obj
 .debug_info    0x00000845      0x22d CMakeFiles/pid_2.elf.dir/Core/Src/system_stm32f1xx.c.obj
 .debug_info    0x00000a72     0x157f CMakeFiles/pid_2.elf.dir/Core/Src/tim.c.obj
 .debug_info    0x00001ff1       0x30 CMakeFiles/pid_2.elf.dir/Core/Startup/startup_stm32f103zetx.s.obj
 .debug_info    0x00002021      0x808 CMakeFiles/pid_2.elf.dir/Drivers/STM32F1xx_HAL_Driver/Src/stm32f1xx_hal.c.obj
 .debug_info    0x00002829      0xd3f CMakeFiles/pid_2.elf.dir/Drivers/STM32F1xx_HAL_Driver/Src/stm32f1xx_hal_cortex.c.obj
 .debug_info    0x00003568      0x604 CMakeFiles/pid_2.elf.dir/Drivers/STM32F1xx_HAL_Driver/Src/stm32f1xx_hal_gpio.c.obj
 .debug_info    0x00003b6c      0x9c7 CMakeFiles/pid_2.elf.dir/Drivers/STM32F1xx_HAL_Driver/Src/stm32f1xx_hal_rcc.c.obj
 .debug_info    0x00004533     0x3c0f CMakeFiles/pid_2.elf.dir/Drivers/STM32F1xx_HAL_Driver/Src/stm32f1xx_hal_tim.c.obj
 .debug_info    0x00008142     0x1a9e CMakeFiles/pid_2.elf.dir/Drivers/STM32F1xx_HAL_Driver/Src/stm32f1xx_hal_tim_ex.c.obj

.debug_abbrev   0x00000000     0x16cd
 .debug_abbrev  0x00000000       0xc4 CMakeFiles/pid_2.elf.dir/Core/Src/gpio.c.obj
 .debug_abbrev  0x000000c4      0x18c CMakeFiles/pid_2.elf.dir/Core/Src/main.c.obj
 .debug_abbrev  0x00000250       0xed CMakeFiles/pid_2.elf.dir/Core/Src/stm32f1xx_hal_msp.c.obj
 .debug_abbrev  0x0000033d       0x7c CMakeFiles/pid_2.elf.dir/Core/Src/stm32f1xx_it.c.obj
 .debug_abbrev  0x000003b9      0x143 CMakeFiles/pid_2.elf.dir/Core/Src/system_stm32f1xx.c.obj
 .debug_abbrev  0x000004fc      0x29e CMakeFiles/pid_2.elf.dir/Core/Src/tim.c.obj
 .debug_abbrev  0x0000079a       0x24 CMakeFiles/pid_2.elf.dir/Core/Startup/startup_stm32f103zetx.s.obj
 .debug_abbrev  0x000007be      0x22d CMakeFiles/pid_2.elf.dir/Drivers/STM32F1xx_HAL_Driver/Src/stm32f1xx_hal.c.obj
 .debug_abbrev  0x000009eb      0x36d CMakeFiles/pid_2.elf.dir/Drivers/STM32F1xx_HAL_Driver/Src/stm32f1xx_hal_cortex.c.obj
 .debug_abbrev  0x00000d58      0x1f7 CMakeFiles/pid_2.elf.dir/Drivers/STM32F1xx_HAL_Driver/Src/stm32f1xx_hal_gpio.c.obj
 .debug_abbrev  0x00000f4f      0x2a0 CMakeFiles/pid_2.elf.dir/Drivers/STM32F1xx_HAL_Driver/Src/stm32f1xx_hal_rcc.c.obj
 .debug_abbrev  0x000011ef      0x270 CMakeFiles/pid_2.elf.dir/Drivers/STM32F1xx_HAL_Driver/Src/stm32f1xx_hal_tim.c.obj
 .debug_abbrev  0x0000145f      0x26e CMakeFiles/pid_2.elf.dir/Drivers/STM32F1xx_HAL_Driver/Src/stm32f1xx_hal_tim_ex.c.obj

.debug_aranges  0x00000000      0x950
 .debug_aranges
                0x00000000       0x20 CMakeFiles/pid_2.elf.dir/Core/Src/gpio.c.obj
 .debug_aranges
                0x00000020       0x30 CMakeFiles/pid_2.elf.dir/Core/Src/main.c.obj
 .debug_aranges
                0x00000050       0x20 CMakeFiles/pid_2.elf.dir/Core/Src/stm32f1xx_hal_msp.c.obj
 .debug_aranges
                0x00000070       0x60 CMakeFiles/pid_2.elf.dir/Core/Src/stm32f1xx_it.c.obj
 .debug_aranges
                0x000000d0       0x28 CMakeFiles/pid_2.elf.dir/Core/Src/system_stm32f1xx.c.obj
 .debug_aranges
                0x000000f8       0x70 CMakeFiles/pid_2.elf.dir/Core/Src/tim.c.obj
 .debug_aranges
                0x00000168       0x28 CMakeFiles/pid_2.elf.dir/Core/Startup/startup_stm32f103zetx.s.obj
 .debug_aranges
                0x00000190       0xe0 CMakeFiles/pid_2.elf.dir/Drivers/STM32F1xx_HAL_Driver/Src/stm32f1xx_hal.c.obj
 .debug_aranges
                0x00000270       0xc0 CMakeFiles/pid_2.elf.dir/Drivers/STM32F1xx_HAL_Driver/Src/stm32f1xx_hal_cortex.c.obj
 .debug_aranges
                0x00000330       0x58 CMakeFiles/pid_2.elf.dir/Drivers/STM32F1xx_HAL_Driver/Src/stm32f1xx_hal_gpio.c.obj
 .debug_aranges
                0x00000388       0x90 CMakeFiles/pid_2.elf.dir/Drivers/STM32F1xx_HAL_Driver/Src/stm32f1xx_hal_rcc.c.obj
 .debug_aranges
                0x00000418      0x3d0 CMakeFiles/pid_2.elf.dir/Drivers/STM32F1xx_HAL_Driver/Src/stm32f1xx_hal_tim.c.obj
 .debug_aranges
                0x000007e8      0x168 CMakeFiles/pid_2.elf.dir/Drivers/STM32F1xx_HAL_Driver/Src/stm32f1xx_hal_tim_ex.c.obj

.debug_rnglists
                0x00000000      0x714
 .debug_rnglists
                0x00000000       0x13 CMakeFiles/pid_2.elf.dir/Core/Src/gpio.c.obj
 .debug_rnglists
                0x00000013       0x1f CMakeFiles/pid_2.elf.dir/Core/Src/main.c.obj
 .debug_rnglists
                0x00000032       0x13 CMakeFiles/pid_2.elf.dir/Core/Src/stm32f1xx_hal_msp.c.obj
 .debug_rnglists
                0x00000045       0x43 CMakeFiles/pid_2.elf.dir/Core/Src/stm32f1xx_it.c.obj
 .debug_rnglists
                0x00000088       0x1a CMakeFiles/pid_2.elf.dir/Core/Src/system_stm32f1xx.c.obj
 .debug_rnglists
                0x000000a2       0x54 CMakeFiles/pid_2.elf.dir/Core/Src/tim.c.obj
 .debug_rnglists
                0x000000f6       0x19 CMakeFiles/pid_2.elf.dir/Core/Startup/startup_stm32f103zetx.s.obj
 .debug_rnglists
                0x0000010f       0xa3 CMakeFiles/pid_2.elf.dir/Drivers/STM32F1xx_HAL_Driver/Src/stm32f1xx_hal.c.obj
 .debug_rnglists
                0x000001b2       0x8b CMakeFiles/pid_2.elf.dir/Drivers/STM32F1xx_HAL_Driver/Src/stm32f1xx_hal_cortex.c.obj
 .debug_rnglists
                0x0000023d       0x3f CMakeFiles/pid_2.elf.dir/Drivers/STM32F1xx_HAL_Driver/Src/stm32f1xx_hal_gpio.c.obj
 .debug_rnglists
                0x0000027c       0x7d CMakeFiles/pid_2.elf.dir/Drivers/STM32F1xx_HAL_Driver/Src/stm32f1xx_hal_rcc.c.obj
 .debug_rnglists
                0x000002f9      0x301 CMakeFiles/pid_2.elf.dir/Drivers/STM32F1xx_HAL_Driver/Src/stm32f1xx_hal_tim.c.obj
 .debug_rnglists
                0x000005fa      0x11a CMakeFiles/pid_2.elf.dir/Drivers/STM32F1xx_HAL_Driver/Src/stm32f1xx_hal_tim_ex.c.obj

.debug_line     0x00000000     0x9517
 .debug_line    0x00000000      0x1a1 CMakeFiles/pid_2.elf.dir/Core/Src/gpio.c.obj
 .debug_line    0x000001a1      0x30e CMakeFiles/pid_2.elf.dir/Core/Src/main.c.obj
 .debug_line    0x000004af      0x1a2 CMakeFiles/pid_2.elf.dir/Core/Src/stm32f1xx_hal_msp.c.obj
 .debug_line    0x00000651      0x15f CMakeFiles/pid_2.elf.dir/Core/Src/stm32f1xx_it.c.obj
 .debug_line    0x000007b0      0x26b CMakeFiles/pid_2.elf.dir/Core/Src/system_stm32f1xx.c.obj
 .debug_line    0x00000a1b      0xa1d CMakeFiles/pid_2.elf.dir/Core/Src/tim.c.obj
 .debug_line    0x00001438       0x79 CMakeFiles/pid_2.elf.dir/Core/Startup/startup_stm32f103zetx.s.obj
 .debug_line    0x000014b1      0x576 CMakeFiles/pid_2.elf.dir/Drivers/STM32F1xx_HAL_Driver/Src/stm32f1xx_hal.c.obj
 .debug_line    0x00001a27      0x6de CMakeFiles/pid_2.elf.dir/Drivers/STM32F1xx_HAL_Driver/Src/stm32f1xx_hal_cortex.c.obj
 .debug_line    0x00002105      0x628 CMakeFiles/pid_2.elf.dir/Drivers/STM32F1xx_HAL_Driver/Src/stm32f1xx_hal_gpio.c.obj
 .debug_line    0x0000272d      0xcef CMakeFiles/pid_2.elf.dir/Drivers/STM32F1xx_HAL_Driver/Src/stm32f1xx_hal_rcc.c.obj
 .debug_line    0x0000341c     0x46dc CMakeFiles/pid_2.elf.dir/Drivers/STM32F1xx_HAL_Driver/Src/stm32f1xx_hal_tim.c.obj
 .debug_line    0x00007af8     0x1a1f CMakeFiles/pid_2.elf.dir/Drivers/STM32F1xx_HAL_Driver/Src/stm32f1xx_hal_tim_ex.c.obj

.debug_str      0x00000000     0x2e3a
 .debug_str     0x00000000     0x2e3a CMakeFiles/pid_2.elf.dir/Core/Src/gpio.c.obj
                                0x1f5 (size before relaxing)
 .debug_str     0x00002e3a      0x3cd CMakeFiles/pid_2.elf.dir/Core/Src/main.c.obj
 .debug_str     0x00002e3a      0x22f CMakeFiles/pid_2.elf.dir/Core/Src/stm32f1xx_hal_msp.c.obj
 .debug_str     0x00002e3a      0x232 CMakeFiles/pid_2.elf.dir/Core/Src/stm32f1xx_it.c.obj
 .debug_str     0x00002e3a      0x264 CMakeFiles/pid_2.elf.dir/Core/Src/system_stm32f1xx.c.obj
 .debug_str     0x00002e3a      0xb92 CMakeFiles/pid_2.elf.dir/Core/Src/tim.c.obj
 .debug_str     0x00002e3a       0x75 CMakeFiles/pid_2.elf.dir/Core/Startup/startup_stm32f103zetx.s.obj
 .debug_str     0x00002e3a      0x922 CMakeFiles/pid_2.elf.dir/Drivers/STM32F1xx_HAL_Driver/Src/stm32f1xx_hal.c.obj
 .debug_str     0x00002e3a      0x9c7 CMakeFiles/pid_2.elf.dir/Drivers/STM32F1xx_HAL_Driver/Src/stm32f1xx_hal_cortex.c.obj
 .debug_str     0x00002e3a      0x410 CMakeFiles/pid_2.elf.dir/Drivers/STM32F1xx_HAL_Driver/Src/stm32f1xx_hal_gpio.c.obj
 .debug_str     0x00002e3a      0x63b CMakeFiles/pid_2.elf.dir/Drivers/STM32F1xx_HAL_Driver/Src/stm32f1xx_hal_rcc.c.obj
 .debug_str     0x00002e3a     0x1695 CMakeFiles/pid_2.elf.dir/Drivers/STM32F1xx_HAL_Driver/Src/stm32f1xx_hal_tim.c.obj
 .debug_str     0x00002e3a      0xea1 CMakeFiles/pid_2.elf.dir/Drivers/STM32F1xx_HAL_Driver/Src/stm32f1xx_hal_tim_ex.c.obj

.comment        0x00000000       0x45
 .comment       0x00000000       0x45 CMakeFiles/pid_2.elf.dir/Core/Src/gpio.c.obj
                                 0x46 (size before relaxing)
 .comment       0x00000045       0x46 CMakeFiles/pid_2.elf.dir/Core/Src/main.c.obj
 .comment       0x00000045       0x46 CMakeFiles/pid_2.elf.dir/Core/Src/stm32f1xx_hal_msp.c.obj
 .comment       0x00000045       0x46 CMakeFiles/pid_2.elf.dir/Core/Src/stm32f1xx_it.c.obj
 .comment       0x00000045       0x46 CMakeFiles/pid_2.elf.dir/Core/Src/system_stm32f1xx.c.obj
 .comment       0x00000045       0x46 CMakeFiles/pid_2.elf.dir/Core/Src/tim.c.obj
 .comment       0x00000045       0x46 CMakeFiles/pid_2.elf.dir/Drivers/STM32F1xx_HAL_Driver/Src/stm32f1xx_hal.c.obj
 .comment       0x00000045       0x46 CMakeFiles/pid_2.elf.dir/Drivers/STM32F1xx_HAL_Driver/Src/stm32f1xx_hal_cortex.c.obj
 .comment       0x00000045       0x46 CMakeFiles/pid_2.elf.dir/Drivers/STM32F1xx_HAL_Driver/Src/stm32f1xx_hal_gpio.c.obj
 .comment       0x00000045       0x46 CMakeFiles/pid_2.elf.dir/Drivers/STM32F1xx_HAL_Driver/Src/stm32f1xx_hal_rcc.c.obj
 .comment       0x00000045       0x46 CMakeFiles/pid_2.elf.dir/Drivers/STM32F1xx_HAL_Driver/Src/stm32f1xx_hal_tim.c.obj
 .comment       0x00000045       0x46 CMakeFiles/pid_2.elf.dir/Drivers/STM32F1xx_HAL_Driver/Src/stm32f1xx_hal_tim_ex.c.obj

.debug_frame    0x00000000     0x19b4
 .debug_frame   0x00000000       0x28 CMakeFiles/pid_2.elf.dir/Core/Src/gpio.c.obj
 .debug_frame   0x00000028       0x58 CMakeFiles/pid_2.elf.dir/Core/Src/main.c.obj
 .debug_frame   0x00000080       0x28 CMakeFiles/pid_2.elf.dir/Core/Src/stm32f1xx_hal_msp.c.obj
 .debug_frame   0x000000a8       0xa8 CMakeFiles/pid_2.elf.dir/Core/Src/stm32f1xx_it.c.obj
 .debug_frame   0x00000150       0x30 CMakeFiles/pid_2.elf.dir/Core/Src/system_stm32f1xx.c.obj
 .debug_frame   0x00000180      0x158 CMakeFiles/pid_2.elf.dir/Core/Src/tim.c.obj
 .debug_frame   0x000002d8      0x1cc CMakeFiles/pid_2.elf.dir/Drivers/STM32F1xx_HAL_Driver/Src/stm32f1xx_hal.c.obj
 .debug_frame   0x000004a4      0x19c CMakeFiles/pid_2.elf.dir/Drivers/STM32F1xx_HAL_Driver/Src/stm32f1xx_hal_cortex.c.obj
 .debug_frame   0x00000640       0xe4 CMakeFiles/pid_2.elf.dir/Drivers/STM32F1xx_HAL_Driver/Src/stm32f1xx_hal_gpio.c.obj
 .debug_frame   0x00000724      0x184 CMakeFiles/pid_2.elf.dir/Drivers/STM32F1xx_HAL_Driver/Src/stm32f1xx_hal_rcc.c.obj
 .debug_frame   0x000008a8      0xb08 CMakeFiles/pid_2.elf.dir/Drivers/STM32F1xx_HAL_Driver/Src/stm32f1xx_hal_tim.c.obj
 .debug_frame   0x000013b0      0x418 CMakeFiles/pid_2.elf.dir/Drivers/STM32F1xx_HAL_Driver/Src/stm32f1xx_hal_tim_ex.c.obj
 .debug_frame   0x000017c8       0x2c D:/msys64/arm-gnu-toolchain-14.2.rel1-mingw-w64-i686-arm-none-eabi/bin/../lib/gcc/arm-none-eabi/14.2.1/thumb/v7-m/nofp\libg.a(libc_a-memset.o)
 .debug_frame   0x000017f4       0x2c D:/msys64/arm-gnu-toolchain-14.2.rel1-mingw-w64-i686-arm-none-eabi/bin/../lib/gcc/arm-none-eabi/14.2.1/thumb/v7-m/nofp\libg.a(libc_a-init.o)
 .debug_frame   0x00001820       0xb0 D:/msys64/arm-gnu-toolchain-14.2.rel1-mingw-w64-i686-arm-none-eabi/bin/../lib/gcc/arm-none-eabi/14.2.1/thumb/v7-m/nofp\libg.a(libc_a-lock.o)
 .debug_frame   0x000018d0       0x5c D:/msys64/arm-gnu-toolchain-14.2.rel1-mingw-w64-i686-arm-none-eabi/bin/../lib/gcc/arm-none-eabi/14.2.1/thumb/v7-m/nofp\libg.a(libc_a-__call_atexit.o)
 .debug_frame   0x0000192c       0x20 D:/msys64/arm-gnu-toolchain-14.2.rel1-mingw-w64-i686-arm-none-eabi/bin/../lib/gcc/arm-none-eabi/14.2.1/thumb/v7-m/nofp\libg.a(libc_a-atexit.o)
 .debug_frame   0x0000194c       0x34 D:/msys64/arm-gnu-toolchain-14.2.rel1-mingw-w64-i686-arm-none-eabi/bin/../lib/gcc/arm-none-eabi/14.2.1/thumb/v7-m/nofp\libg.a(libc_a-fini.o)
 .debug_frame   0x00001980       0x34 D:/msys64/arm-gnu-toolchain-14.2.rel1-mingw-w64-i686-arm-none-eabi/bin/../lib/gcc/arm-none-eabi/14.2.1/thumb/v7-m/nofp\libg.a(libc_a-__atexit.o)

.debug_loclists
                0x00000000     0x5b71
 .debug_loclists
                0x00000000       0x17 CMakeFiles/pid_2.elf.dir/Core/Src/stm32f1xx_hal_msp.c.obj
 .debug_loclists
                0x00000017       0xb7 CMakeFiles/pid_2.elf.dir/Core/Src/system_stm32f1xx.c.obj
 .debug_loclists
                0x000000ce      0x1ca CMakeFiles/pid_2.elf.dir/Core/Src/tim.c.obj
 .debug_loclists
                0x00000298       0xe1 CMakeFiles/pid_2.elf.dir/Drivers/STM32F1xx_HAL_Driver/Src/stm32f1xx_hal.c.obj
 .debug_loclists
                0x00000379      0x530 CMakeFiles/pid_2.elf.dir/Drivers/STM32F1xx_HAL_Driver/Src/stm32f1xx_hal_cortex.c.obj
 .debug_loclists
                0x000008a9      0x302 CMakeFiles/pid_2.elf.dir/Drivers/STM32F1xx_HAL_Driver/Src/stm32f1xx_hal_gpio.c.obj
 .debug_loclists
                0x00000bab      0x42e CMakeFiles/pid_2.elf.dir/Drivers/STM32F1xx_HAL_Driver/Src/stm32f1xx_hal_rcc.c.obj
 .debug_loclists
                0x00000fd9     0x37b9 CMakeFiles/pid_2.elf.dir/Drivers/STM32F1xx_HAL_Driver/Src/stm32f1xx_hal_tim.c.obj
 .debug_loclists
                0x00004792     0x13df CMakeFiles/pid_2.elf.dir/Drivers/STM32F1xx_HAL_Driver/Src/stm32f1xx_hal_tim_ex.c.obj

.debug_line_str
                0x00000000       0x59
 .debug_line_str
                0x00000000       0x59 CMakeFiles/pid_2.elf.dir/Core/Startup/startup_stm32f103zetx.s.obj
